// Jest Snapshot v1, https://goo.gl/fbAQLP

exports[`testing on First App should render <FirstApp /> correctly 1`] = `
<Fragment>
  <h1>
    Hi,I'm Goku
  </h1>
  <p>
    I'm subtitle
  </p>
</Fragment>
`;
